Certified fit cache not reused: reconstructed model inputs are not bit-identical
Forecasting 500 nodes, h1/h2, 427 origins; 500 nodes need fresh fits; cache ee2e76a6dfee
Forecast checkpoints: 25/500
Forecast checkpoints: 50/500
Forecast checkpoints: 75/500
Forecast checkpoints: 100/500
Forecast checkpoints: 125/500
Forecast checkpoints: 150/500
Forecast checkpoints: 175/500
Forecast checkpoints: 200/500
Forecast checkpoints: 225/500
Forecast checkpoints: 250/500
Forecast checkpoints: 275/500
Forecast checkpoints: 300/500
Forecast checkpoints: 325/500
Forecast checkpoints: 350/500
Forecast checkpoints: 375/500
Forecast checkpoints: 400/500
Forecast checkpoints: 425/500
Forecast checkpoints: 450/500
Forecast checkpoints: 475/500
Forecast checkpoints: 500/500
Exact raw exit scan: 50,000,000 rows; 81.0s
Exact raw exit scan: 60,000,000 rows; 125.2s
STOP — ANALYSIS REPRODUCTION FAILURE
FULL ANALYSIS FAILED
{
  "status": "FAILED",
  "runtime_seconds": 1084.5635452000424,
  "signature": "ee2e76a6dfee71a6f70a83ead09b38b001900b37303231c40cdfb1dc8997c241",
  "forecast_common_sample": 159060,
  "economic_candidates": 162186,
  "trading_days": 408,
  "contracts_per_model": {
    "arima": 7805,
    "ridge": 7362,
    "xgboost": 7637
  },
  "BID_ASK_negative": 12,
  "check_counts": {
    "PASS": 21,
    "WARNING": 3
  },
  "comparison_counts": {
    "FAIL": 2358,
    "PASS": 1684
  }
}
      model     RMSE      MAE    QLIKE
persistence 0.012909 0.008657 0.013524
      arima 0.011348 0.007903 0.009867
      ridge 0.011483 0.008116 0.009998
    xgboost 0.011752 0.008386 0.010316
  model             portfolio_state implementation  mean_daily_return
  arima               DELTA_NEUTRAL            MID           0.000364
  arima               DELTA_NEUTRAL        BID_ASK          -0.010023
  arima                    ORIGINAL            MID          -0.001142
  arima                    ORIGINAL        BID_ASK          -0.011526
  arima               VEGA_BALANCED            MID           0.000381
  arima               VEGA_BALANCED        BID_ASK          -0.010306
  arima VEGA_BALANCED_DELTA_NEUTRAL            MID           0.000322
  arima VEGA_BALANCED_DELTA_NEUTRAL        BID_ASK          -0.010364
  ridge               DELTA_NEUTRAL            MID           0.000177
  ridge               DELTA_NEUTRAL        BID_ASK          -0.011158
  ridge                    ORIGINAL            MID          -0.000402
  ridge                    ORIGINAL        BID_ASK          -0.011740
  ridge               VEGA_BALANCED            MID          -0.000695
  ridge               VEGA_BALANCED        BID_ASK          -0.012359
  ridge VEGA_BALANCED_DELTA_NEUTRAL            MID          -0.000242
  ridge VEGA_BALANCED_DELTA_NEUTRAL        BID_ASK          -0.011909
xgboost               DELTA_NEUTRAL            MID           0.000002
xgboost               DELTA_NEUTRAL        BID_ASK          -0.010171
xgboost                    ORIGINAL            MID          -0.003709
xgboost                    ORIGINAL        BID_ASK          -0.013888
xgboost               VEGA_BALANCED            MID          -0.003607
xgboost               VEGA_BALANCED        BID_ASK          -0.013887
xgboost VEGA_BALANCED_DELTA_NEUTRAL            MID          -0.000105
xgboost VEGA_BALANCED_DELTA_NEUTRAL        BID_ASK          -0.010383
Excel workbook: C:\Users\user\Desktop\Doctorat\iv\replication\outputs\excel\QFE_Full_Results.xlsx
Delivery manifest: C:\Users\user\Desktop\Doctorat\iv\replication\REPLICATION_DELIVERY_MANIFEST.json
